;FileVer = 1.5
.eu	www.whois.eu	43	No	3	
.cnnic.net.cn	whois.cnnic.net.cn	43	No	4	Chinese Academy of Sciences
.cuni.cz	whois.cuni.cz	43	No	3	Univerzita Karlova Praha
.internetnamesww.com	whois.internetnamesww.com	43	No	3	Melbourne IT C=AU
.jpl.nasa.gov	whois.jpl.nasa.gov	43	No	4	
.mff.cuni.cz	whois.mff.cuni.cz	43	No	4	Faculty of Mathematics and Physics, Univerzita Karlova Praha
.nic.it	whois.nic.it	43	No	3	Server Registrazione Domini Italiano
.phys.uvic.ca	phys.uvic.ca	43	No	3	University of Victoria
.publicinterestregistry.net	whois.publicinterestregistry.net	43	No	10	
.register.com	whois.register.com	43	No	3	Forman Interactive Corp C=US
.spb.ru	whois.relcom.ru	43	No	3	
.msk.ru	whois.relcom.ru	43	No	3	
.ru.net	whois.relcom.ru	43	No	3	
.eu.com	whois.centralnic.com	43	No	3	
.gb.com	whois.centralnic.com	43	No	3	
.kr.com	whois.centralnic.com	43	No	3	
.us.com	whois.centralnic.com	43	No	3	
.qc.com	whois.centralnic.com	43	No	3	
.de.com	whois.centralnic.com	43	No	3	
.no.com	whois.centralnic.com	43	No	3	
.hu.com	whois.centralnic.com	43	No	3	
.uy.com	whois.centralnic.com	43	No	3	
.za.com	whois.centralnic.com	43	No	3	
.br.com	whois.centralnic.com	43	No	3	
.cn.com	whois.centralnic.com	43	No	3	
.sa.com	whois.centralnic.com	43	No	3	
.se.com	whois.centralnic.com	43	No	3	
.uk.com	whois.centralnic.com	43	No	3	
.ru.com	whois.centralnic.com	43	No	3	
.gb.net	whois.centralnic.com	43	No	3	
.uk.net	whois.centralnic.com	43	No	3	
.se.net	whois.centralnic.com	43	No	3	
.ae.org	whois.centralnic.com	43	No	3	
.jpn.com	whois.centralnic.com	43	No	3	
