[\SendTo\]
NoValue=

[\password.log]
NoValue=

[\data.bak]
NoValue=

[\cstrike\]
NoValue=

[\recycle]
NoValue=

[\~$Normal.dot]
NoValue=

[\ignore.bkp]
NoValue=


[\ignore_files.bkp]
NoValue=

[\OPA11.BAK]
NoValue=

[cstrike]
NoValue=

[index.dat]
NoValue=

[\insider.bak]
NoValue=

[\h323log.txt]
NoValue=

[.cfg.bak]
NoValue=

[.conf.bak]
NoValue=

[\Outpost Firewall\html]
NoValue=

[\OPA11.DAT]
NoValue=

[\OPA12.DAT]
NoValue=

[\OPA12.BAK]
NoValue=

[\OPA13.BAK]
NoValue=

[\OPA14.DAT]
NoValue=

[\~spy5_main.sdb]
NoValue=

[\h2inc.err]
NoValue=

[\hc31.err]
NoValue=

[\hpqgends.tmp]
NoValue=

[\insider.bak]
NoValue=

[\install.log]
NoValue=

[\MpSigStub.log]
NoValue=

[\insider.bak]
NoValue=

[\MSS.chk]
NoValue=

[\ntuser.dat.log]
NoValue=

[\op1.tmp]
NoValue=

[\password.log]
NoValue=

[\rcpp.err]
NoValue=

[\runonceex.tmp]
NoValue=

[\softokn3.chk]
NoValue=

[\sti_trace.log]
NoValue=

[\usrclass.dat.log]
NoValue=

[\vdk10.syd]
NoValue=

[\wiadebug.log]
NoValue=

[\wiaservc.log]
NoValue=

[\WinSAT_DX.etl]
NoValue=

[\WinSAT_KernelLog.etl]
NoValue=

[\WinSAT_StorageAsmt.etl]
NoValue=

[\wmsetup.log]
NoValue=

[\wnd.tmp]
NoValue=

[\freebl3.chk]
NoValue=

[\WindowsUpdate.log]
NoValue=

[\PASSWD.LOG]
NoValue=

[\System Volume Information\]
NoValue=

[\Creative\Speaker Settings\]
NoValue=

[pcsuitecheck_new.xml]
NoValue=
[$$$Original_BuitIn_File_CRC$$$]
$$$CRCValue$$$=FE34B7FE
