allocxms            com    728 May 05 2012 11:08 Allocating XMS memory program
drvpart             sys   4997 May 05 2012 11:08 DOS driver to simulate partition
files               lst   1906 May 05 2012 11:08 File list
savepart            exe 417080 May 05 2012 11:08 Saving/Restoring/Copying program (DOS version)
spartlnx            run 440380 May 05 2012 11:08 Saving/Restoring/Copying program (Linux version)
spartwin            exe 363520 May 05 2012 11:08 Saving/Restoring/Copying program (Windows version)
doc/en                         May 05 2012 11:08 English documentation
doc/fr_dos                     May 05 2012 11:08 French documentation (DOS editor)
doc/fr_win                     May 05 2012 11:08 French documentation (Windows editor)
doc/en/FAQ          txt  32207 May 05 2012 11:08 FAQ
doc/en/HOWTO        txt  29295 May 05 2012 11:08 HOWTO
doc/en/addinfo      txt   8145 May 05 2012 11:08 Additional informations
doc/en/changes      txt  35081 May 05 2012 11:08 List of changes
doc/en/errors       txt  30543 May 05 2012 11:08 List of errors
doc/en/readme       txt 236147 May 05 2012 11:08 Manual
doc/fr_dos/FAQ      txt  37873 May 05 2012 11:08 FAQ
doc/fr_dos/HOWTO    txt  35309 May 05 2012 11:08 HOWTO
doc/fr_dos/addinfo  txt   9663 May 05 2012 11:08 Informations additionnelles
doc/fr_dos/chgmnts  txt  44786 May 05 2012 11:08 Liste des changements
doc/fr_dos/erreurs  txt  38577 May 05 2012 11:08 Liste des erreurs
doc/fr_dos/lisezmoi txt 279688 May 05 2012 11:08 Manuel
doc/fr_win/FAQ      txt  37873 May 05 2012 11:08 FAQ
doc/fr_win/HOWTO    txt  35309 May 05 2012 11:08 HOWTO
doc/fr_win/addinfo  txt   9663 May 05 2012 11:08 Informations additionnelles
doc/fr_win/chgmnts  txt  44786 May 05 2012 11:08 Liste des changements
doc/fr_win/erreurs  txt  38577 May 05 2012 11:08 Liste des erreurs
doc/fr_win/lisezmoi txt 279688 May 05 2012 11:08 Manuel
