[1]
Type=100
ItemTextSubString=Microsoft\Speech\Recognizers

[2]
Type=100
ItemTextSubString=THE BAT!\MAIL\SMIMERND.BIN

[3]
Type=200
KeyNameSubString=\Titan FTP Server\Servers

[4]
Type=200
KeyNameSubString=\Hewlett-Packard

[5]
Type=200
KeyNameSubString=\Microsoft\Money

[6]
Type=200
KeyNameSubString=\Software\Far\

[7]
Type=200
KeyNameSubString=\WinRAR\Profiles

[8]
Type=200
KeyNameSubString=\Microsoft\Windows\CurrentVersion\Component Based Servicing\

[9]
Type=100
ItemTextSubString=Bonjour

[10]
Type=200
KeyNameSubString=\Outlook\Journal

[11]
Type=200
KeyNameSubString=\Configuration\Workdir

[12]
Type=200
KeyNameSubString=\Configuration\PrivDir

[13]
Type=200
KeyNameSubString=\Software\Microsoft\Windows Live Contacts\

[14]
Type=200
KeyNameSubString=\SOFTWARE\KasperskyLab\protected\

[15]
Type=200
KeyNameSubString=\SOFTWARE\Intel\Network_Services\

[16]
Type=200
KeyNameSubString=\Control\Lsa

[17]
Type=200
KeyNameSubString=\Microsoft\Windows NT\CurrentVersion\ProfileList

[18]
Type=200
KeyNameSubString=\SYSTEM\Software\COMODO\Firewall Pro\Configurations\

[19]
Type=500
KeyNameSubString=Parameters
ValueNameSubString=StillImageFileFullPath

[20]
Type=500
KeyNameSubString=Windows Search\CrawlScopeManager
ValueNameSubString=URL

[21]
Type=500
KeyNameSubString=Windows Search\Gather\Windows
ValueNameSubString=Path

[22]
Type=500
KeyNameSubString=\services\SharedAccess\Defaults
ValueNameSubString=LogFilePath

[23]
Type=500
KeyNameSubString=\Control\BackupRestore\FilesNotToBackup
ValueNameSubString=BITS

[24]
Type=200
KeyNameSubString=\Control\CrashControl

[25]
Type=200
KeyNameSubString=\Software\Brother\

[26]
Type=100
ItemTextSubString=$WIN_NT$

[27]
Type=200
KeyNameSubString=\Watchtower\

[28]
Type=100
ItemTextSubString=\Common Files\ACD Systems\PlugIns2\
[$$$Original_BuitIn_File_CRC$$$]
$$$CRCValue$$$=E95B486D
